== Layer-5 invariants (ClickHouse) ==
  [PASS] no_empty_segments            0 segments with end<=start
  [PASS] no_segment_past_watermark    max segment_end +0s vs watermark
  [PASS] no_overlapping_segments      0 overlaps
  [PASS] segments_below_heartbeats    148144 segments vs 6736343 heartbeats
  [PASS] no_negative_concurrency      min concurrency 0
  [PASS] filtered_peak_le_unfiltered  platform=ANDROID_PHONE peak 6084 <= unfiltered 18968
== Chart / breakdown consistency ==
  [PASS] session_summary_peak_matches_timeseries  summary peak 18968.0000 vs max(timeseries) 18968.0000
  [PASS] session_summary_avg_matches_timeseries   summary avg 0.5625 vs mean(timeseries) 0.5625
  [PASS] session_breakdown_platform_ANDROID_PHONE_peak filter peak 6084.0000 vs breakdown 6084.0000
  [PASS] session_breakdown_platform_ANDROID_PHONE_avg filter avg 0.1802 vs breakdown 0.1802
  [PASS] session_breakdown_platform_JIO_ANDROID_TV_peak filter peak 4966.0000 vs breakdown 4966.0000
  [PASS] session_breakdown_platform_JIO_ANDROID_TV_avg filter avg 0.1429 vs breakdown 0.1429
  [PASS] session_breakdown_platform_SONY_ANDROID_TV_peak filter peak 2656.0000 vs breakdown 2656.0000
  [PASS] session_breakdown_platform_SONY_ANDROID_TV_avg filter avg 0.0817 vs breakdown 0.0817
  [PASS] session_breakdown_platform_SAMSUNG_HTML_TV_peak filter peak 1009.0000 vs breakdown 1009.0000
  [PASS] session_breakdown_platform_SAMSUNG_HTML_TV_avg filter avg 0.0292 vs breakdown 0.0292
  [PASS] session_breakdown_platform_IPHONE_peak   filter peak 709.0000 vs breakdown 709.0000
  [PASS] session_breakdown_platform_IPHONE_avg    filter avg 0.0203 vs breakdown 0.0203
  [PASS] session_breakdown_platform_Web_peak      filter peak 1214.0000 vs breakdown 1214.0000
  [PASS] session_breakdown_platform_Web_avg       filter avg 0.0242 vs breakdown 0.0242
  [PASS] session_breakdown_platform_LG_HTML_TV_peak filter peak 792.0000 vs breakdown 792.0000
  [PASS] session_breakdown_platform_LG_HTML_TV_avg filter avg 0.0233 vs breakdown 0.0233
  [PASS] session_breakdown_platform_FIRE_TV_peak  filter peak 649.0000 vs breakdown 649.0000
  [PASS] session_breakdown_platform_FIRE_TV_avg   filter avg 0.0190 vs breakdown 0.0190
  [PASS] session_breakdown_platform_XIAOMI_ANDROID_TV_peak filter peak 553.0000 vs breakdown 553.0000
  [PASS] session_breakdown_platform_XIAOMI_ANDROID_TV_avg filter avg 0.0170 vs breakdown 0.0170
  [PASS] session_breakdown_platform_SONY_HTML_TV_peak filter peak 259.0000 vs breakdown 259.0000
  [PASS] session_breakdown_platform_SONY_HTML_TV_avg filter avg 0.0044 vs breakdown 0.0044
  [PASS] session_breakdown_platform_IPAD_peak     filter peak 173.0000 vs breakdown 173.0000
  [PASS] session_breakdown_platform_IPAD_avg      filter avg 0.0046 vs breakdown 0.0046
  [PASS] session_breakdown_platform_VIDAA_HTML_TV_peak filter peak 126.0000 vs breakdown 126.0000
  [PASS] session_breakdown_platform_VIDAA_HTML_TV_avg filter avg 0.0029 vs breakdown 0.0029
  [PASS] session_breakdown_platform_ANDROID_TAB_peak filter peak 209.0000 vs breakdown 209.0000
  [PASS] session_breakdown_platform_ANDROID_TAB_avg filter avg 0.0056 vs breakdown 0.0056
  [PASS] session_breakdown_platform_Mweb_peak     filter peak 111.0000 vs breakdown 111.0000
  [PASS] session_breakdown_platform_Mweb_avg      filter avg 0.0029 vs breakdown 0.0029
  [PASS] session_breakdown_platform_SKYWORTH_HTML_TV_peak filter peak 111.0000 vs breakdown 111.0000
  [PASS] session_breakdown_platform_SKYWORTH_HTML_TV_avg filter avg 0.0031 vs breakdown 0.0031
  [PASS] session_breakdown_platform_APPLE_TV_peak filter peak 32.0000 vs breakdown 32.0000
  [PASS] session_breakdown_platform_APPLE_TV_avg  filter avg 0.0009 vs breakdown 0.0009
  [PASS] session_breakdown_platform_KEPLER_HTML_TV_peak filter peak 20.0000 vs breakdown 20.0000
  [PASS] session_breakdown_platform_KEPLER_HTML_TV_avg filter avg 0.0001 vs breakdown 0.0001
  [PASS] session_breakdown_platform_NETRANGE_HTML_TV_peak filter peak 4.0000 vs breakdown 4.0000
  [PASS] session_breakdown_platform_NETRANGE_HTML_TV_avg filter avg 0.0000 vs breakdown 0.0000
  [PASS] session_breakdown_platform_WEB_peak      filter peak 2.0000 vs breakdown 2.0000
  [PASS] session_breakdown_platform_WEB_avg       filter avg 0.0000 vs breakdown 0.0000
  [PASS] session_breakdown_platform_MWEB_peak     filter peak 1.0000 vs breakdown 1.0000
  [PASS] session_breakdown_platform_MWEB_avg      filter avg 0.0000 vs breakdown 0.0000
  [PASS] session_breakdown_platform_ROKU_TV_peak  filter peak 2.0000 vs breakdown 2.0000
  [PASS] session_breakdown_platform_ROKU_TV_avg   filter avg 0.0000 vs breakdown 0.0000
  [PASS] session_breakdown_country_india_peak     filter peak 18968.0000 vs breakdown 18968.0000
  [PASS] session_breakdown_country_india_avg      filter avg 0.5625 vs breakdown 0.5625
  [PASS] session_breakdown_show_name_ggdkb_peak   filter peak 6515.0000 vs breakdown 6515.0000
  [PASS] session_breakdown_show_name_ggdkb_avg    filter avg 0.1552 vs breakdown 0.1552
  [PASS] session_breakdown_show_name_hfgdb_peak   filter peak 354.0000 vs breakdown 354.0000
  [PASS] session_breakdown_show_name_hfgdb_avg    filter avg 0.0113 vs breakdown 0.0113
  [PASS] session_breakdown_show_name_djbdb_peak   filter peak 389.0000 vs breakdown 389.0000
  [PASS] session_breakdown_show_name_djbdb_avg    filter avg 0.0122 vs breakdown 0.0122
  [PASS] session_breakdown_show_name_bjdjb_peak   filter peak 421.0000 vs breakdown 421.0000
  [PASS] session_breakdown_show_name_bjdjb_avg    filter avg 0.0111 vs breakdown 0.0111
  [PASS] session_breakdown_show_name_gdckb_peak   filter peak 646.0000 vs breakdown 646.0000
  [PASS] session_breakdown_show_name_gdckb_avg    filter avg 0.0108 vs breakdown 0.0108
  [PASS] session_breakdown_show_name_ckfcb_peak   filter peak 227.0000 vs breakdown 227.0000
  [PASS] session_breakdown_show_name_ckfcb_avg    filter avg 0.0073 vs breakdown 0.0073
  [PASS] session_breakdown_show_name_fhdbb_peak   filter peak 338.0000 vs breakdown 338.0000
  [PASS] session_breakdown_show_name_fhdbb_avg    filter avg 0.0064 vs breakdown 0.0064
  [PASS] session_breakdown_show_name_hhfhb_peak   filter peak 286.0000 vs breakdown 286.0000
  [PASS] session_breakdown_show_name_hhfhb_avg    filter avg 0.0090 vs breakdown 0.0090
  [PASS] session_breakdown_show_name_dgfdb_peak   filter peak 312.0000 vs breakdown 312.0000
  [PASS] session_breakdown_show_name_dgfdb_avg    filter avg 0.0085 vs breakdown 0.0085
  [PASS] session_breakdown_show_name_ddglb_peak   filter peak 157.0000 vs breakdown 157.0000
  [PASS] session_breakdown_show_name_ddglb_avg    filter avg 0.0026 vs breakdown 0.0026
  [PASS] session_breakdown_show_name_djgdb_peak   filter peak 293.0000 vs breakdown 293.0000
  [PASS] session_breakdown_show_name_djgdb_avg    filter avg 0.0054 vs breakdown 0.0054
  [PASS] session_breakdown_show_name_bbbbb_peak   filter peak 192.0000 vs breakdown 192.0000
  [PASS] session_breakdown_show_name_bbbbb_avg    filter avg 0.0056 vs breakdown 0.0056
  [PASS] session_breakdown_show_name_gjfcb_peak   filter peak 166.0000 vs breakdown 166.0000
  [PASS] session_breakdown_show_name_gjfcb_avg    filter avg 0.0048 vs breakdown 0.0048
  [PASS] session_breakdown_show_name_gjdcb_peak   filter peak 361.0000 vs breakdown 361.0000
  [PASS] session_breakdown_show_name_gjdcb_avg    filter avg 0.0054 vs breakdown 0.0054
  [PASS] session_breakdown_show_name_hfbhb_peak   filter peak 195.0000 vs breakdown 195.0000
  [PASS] session_breakdown_show_name_hfbhb_avg    filter avg 0.0057 vs breakdown 0.0057
  [PASS] session_breakdown_show_name_ckgcb_peak   filter peak 197.0000 vs breakdown 197.0000
  [PASS] session_breakdown_show_name_ckgcb_avg    filter avg 0.0064 vs breakdown 0.0064
  [PASS] session_breakdown_show_name_ckfgb_peak   filter peak 103.0000 vs breakdown 103.0000
  [PASS] session_breakdown_show_name_ckfgb_avg    filter avg 0.0020 vs breakdown 0.0020
  [PASS] session_breakdown_show_name_fcfbb_peak   filter peak 193.0000 vs breakdown 193.0000
  [PASS] session_breakdown_show_name_fcfbb_avg    filter avg 0.0052 vs breakdown 0.0052
  [PASS] session_breakdown_show_name_hfcdb_peak   filter peak 81.0000 vs breakdown 81.0000
  [PASS] session_breakdown_show_name_hfcdb_avg    filter avg 0.0015 vs breakdown 0.0015
  [PASS] session_breakdown_show_name_ccfgb_peak   filter peak 161.0000 vs breakdown 161.0000
  [PASS] session_breakdown_show_name_ccfgb_avg    filter avg 0.0047 vs breakdown 0.0047
  [PASS] session_breakdown_show_name_ccckb_peak   filter peak 127.0000 vs breakdown 127.0000
  [PASS] session_breakdown_show_name_ccckb_avg    filter avg 0.0042 vs breakdown 0.0042
  [PASS] session_breakdown_show_name_ggckb_peak   filter peak 105.0000 vs breakdown 105.0000
  [PASS] session_breakdown_show_name_ggckb_avg    filter avg 0.0028 vs breakdown 0.0028
  [PASS] session_breakdown_show_name_fhgjb_peak   filter peak 113.0000 vs breakdown 113.0000
  [PASS] session_breakdown_show_name_fhgjb_avg    filter avg 0.0029 vs breakdown 0.0029
  [PASS] session_breakdown_show_name_bggfb_peak   filter peak 50.0000 vs breakdown 50.0000
  [PASS] session_breakdown_show_name_bggfb_avg    filter avg 0.0015 vs breakdown 0.0015
  [PASS] session_breakdown_show_name_bgfjb_peak   filter peak 168.0000 vs breakdown 168.0000
  [PASS] session_breakdown_show_name_bgfjb_avg    filter avg 0.0025 vs breakdown 0.0025
  [PASS] session_breakdown_show_name_gbccb_peak   filter peak 86.0000 vs breakdown 86.0000
  [PASS] session_breakdown_show_name_gbccb_avg    filter avg 0.0025 vs breakdown 0.0025
  [PASS] session_breakdown_show_name_ggfkb_peak   filter peak 134.0000 vs breakdown 134.0000
  [PASS] session_breakdown_show_name_ggfkb_avg    filter avg 0.0014 vs breakdown 0.0014
  [PASS] session_breakdown_show_name_bjbfb_peak   filter peak 62.0000 vs breakdown 62.0000
  [PASS] session_breakdown_show_name_bjbfb_avg    filter avg 0.0015 vs breakdown 0.0015
  [PASS] session_breakdown_show_name_hfdlb_peak   filter peak 47.0000 vs breakdown 47.0000
  [PASS] session_breakdown_show_name_hfdlb_avg    filter avg 0.0011 vs breakdown 0.0011
  [PASS] session_breakdown_show_name_bdgfb_peak   filter peak 78.0000 vs breakdown 78.0000
  [PASS] session_breakdown_show_name_bdgfb_avg    filter avg 0.0024 vs breakdown 0.0024
  [PASS] session_breakdown_video_resolution_Auto-1280*720_peak filter peak 2387.0000 vs breakdown 2387.0000
  [PASS] session_breakdown_video_resolution_Auto-1280*720_avg filter avg 0.0685 vs breakdown 0.0685
  [PASS] session_breakdown_video_resolution_NA_peak filter peak 2348.0000 vs breakdown 2348.0000
  [PASS] session_breakdown_video_resolution_NA_avg filter avg 0.0677 vs breakdown 0.0677
  [PASS] session_breakdown_video_resolution_1920_*_1080_peak filter peak 2794.0000 vs breakdown 2794.0000
  [PASS] session_breakdown_video_resolution_1920_*_1080_avg filter avg 0.0809 vs breakdown 0.0809
  [PASS] session_breakdown_video_resolution_1080*1920_peak filter peak 1785.0000 vs breakdown 1785.0000
  [PASS] session_breakdown_video_resolution_1080*1920_avg filter avg 0.0523 vs breakdown 0.0523
  [PASS] session_breakdown_video_resolution_Auto-Auto_peak filter peak 1594.0000 vs breakdown 1594.0000
  [PASS] session_breakdown_video_resolution_Auto-Auto_avg filter avg 0.0397 vs breakdown 0.0397
  [PASS] session_breakdown_video_resolution_Auto-1920*1080_peak filter peak 1060.0000 vs breakdown 1060.0000
  [PASS] session_breakdown_video_resolution_Auto-1920*1080_avg filter avg 0.0324 vs breakdown 0.0324
  [PASS] session_breakdown_video_resolution_1280_*_720_peak filter peak 1299.0000 vs breakdown 1299.0000
  [PASS] session_breakdown_video_resolution_1280_*_720_avg filter avg 0.0389 vs breakdown 0.0389
  [PASS] session_breakdown_video_resolution_1920*1080_peak filter peak 967.0000 vs breakdown 967.0000
  [PASS] session_breakdown_video_resolution_1920*1080_avg filter avg 0.0293 vs breakdown 0.0293
  [PASS] session_breakdown_video_resolution_720*1280_peak filter peak 449.0000 vs breakdown 449.0000
  [PASS] session_breakdown_video_resolution_720*1280_avg filter avg 0.0129 vs breakdown 0.0129
  [PASS] session_breakdown_video_resolution_1280*720_peak filter peak 490.0000 vs breakdown 490.0000
  [PASS] session_breakdown_video_resolution_1280*720_avg filter avg 0.0144 vs breakdown 0.0144
  [PASS] session_breakdown_video_resolution_960_*_540_peak filter peak 856.0000 vs breakdown 856.0000
  [PASS] session_breakdown_video_resolution_960_*_540_avg filter avg 0.0216 vs breakdown 0.0216
  [PASS] session_breakdown_video_resolution_960*540_peak filter peak 460.0000 vs breakdown 460.0000
  [PASS] session_breakdown_video_resolution_960*540_avg filter avg 0.0121 vs breakdown 0.0121
  [PASS] session_breakdown_video_resolution_Auto-960*540_peak filter peak 305.0000 vs breakdown 305.0000
  [PASS] session_breakdown_video_resolution_Auto-960*540_avg filter avg 0.0060 vs breakdown 0.0060
  [PASS] session_breakdown_video_resolution_Auto-640*360_peak filter peak 173.0000 vs breakdown 173.0000
  [PASS] session_breakdown_video_resolution_Auto-640*360_avg filter avg 0.0054 vs breakdown 0.0054
  [PASS] session_breakdown_video_resolution_640_*_360_peak filter peak 241.0000 vs breakdown 241.0000
  [PASS] session_breakdown_video_resolution_640_*_360_avg filter avg 0.0061 vs breakdown 0.0061
  [PASS] session_breakdown_video_resolution_0-1280*720_peak filter peak 91.0000 vs breakdown 91.0000
  [PASS] session_breakdown_video_resolution_0-1280*720_avg filter avg 0.0028 vs breakdown 0.0028
  [PASS] session_breakdown_video_resolution_Auto-854*480_peak filter peak 119.0000 vs breakdown 119.0000
  [PASS] session_breakdown_video_resolution_Auto-854*480_avg filter avg 0.0033 vs breakdown 0.0033
  [PASS] session_breakdown_video_resolution_DataSaver-640*360_peak filter peak 101.0000 vs breakdown 101.0000
  [PASS] session_breakdown_video_resolution_DataSaver-640*360_avg filter avg 0.0031 vs breakdown 0.0031
  [PASS] session_breakdown_video_resolution_Auto-1_peak filter peak 98.0000 vs breakdown 98.0000
  [PASS] session_breakdown_video_resolution_Auto-1_avg filter avg 0.0024 vs breakdown 0.0024
  [PASS] session_breakdown_video_resolution_0-1920*1080_peak filter peak 91.0000 vs breakdown 91.0000
  [PASS] session_breakdown_video_resolution_0-1920*1080_avg filter avg 0.0027 vs breakdown 0.0027
  [PASS] session_breakdown_video_resolution_NA-1280*720_peak filter peak 26.0000 vs breakdown 26.0000
  [PASS] session_breakdown_video_resolution_NA-1280*720_avg filter avg 0.0033 vs breakdown 0.0033
  [PASS] session_breakdown_video_resolution_864*1536_peak filter peak 89.0000 vs breakdown 89.0000
  [PASS] session_breakdown_video_resolution_864*1536_avg filter avg 0.0021 vs breakdown 0.0021
  [PASS] session_breakdown_video_resolution_640*360_peak filter peak 89.0000 vs breakdown 89.0000
  [PASS] session_breakdown_video_resolution_640*360_avg filter avg 0.0026 vs breakdown 0.0026
  [PASS] session_breakdown_video_resolution_3840*2160_peak filter peak 112.0000 vs breakdown 112.0000
  [PASS] session_breakdown_video_resolution_3840*2160_avg filter avg 0.0030 vs breakdown 0.0030
  [PASS] session_breakdown_video_resolution_3840_*_2160_peak filter peak 96.0000 vs breakdown 96.0000
  [PASS] session_breakdown_video_resolution_3840_*_2160_avg filter avg 0.0026 vs breakdown 0.0026
  [PASS] session_breakdown_video_resolution_854_*_480_peak filter peak 88.0000 vs breakdown 88.0000
  [PASS] session_breakdown_video_resolution_854_*_480_avg filter avg 0.0024 vs breakdown 0.0024
  [PASS] session_breakdown_video_resolution_Auto-256*144_peak filter peak 55.0000 vs breakdown 55.0000
  [PASS] session_breakdown_video_resolution_Auto-256*144_avg filter avg 0.0011 vs breakdown 0.0011
  [PASS] session_breakdown_video_resolution_NA-640*360_peak filter peak 21.0000 vs breakdown 21.0000
  [PASS] session_breakdown_video_resolution_NA-640*360_avg filter avg 0.0022 vs breakdown 0.0022
  [PASS] session_breakdown_video_resolution_Auto-426*240_peak filter peak 51.0000 vs breakdown 51.0000
  [PASS] session_breakdown_video_resolution_Auto-426*240_avg filter avg 0.0013 vs breakdown 0.0013
  [PASS] session_breakdown_video_resolution_768*1366_peak filter peak 46.0000 vs breakdown 46.0000
  [PASS] session_breakdown_video_resolution_768*1366_avg filter avg 0.0012 vs breakdown 0.0012
  [PASS] session_breakdown_video_type_vod_peak    filter peak 11159.0000 vs breakdown 11159.0000
  [PASS] session_breakdown_video_type_vod_avg     filter avg 0.3652 vs breakdown 0.3652
  [PASS] session_breakdown_video_type_live_peak   filter peak 7759.0000 vs breakdown 7759.0000
  [PASS] session_breakdown_video_type_live_avg    filter avg 0.1835 vs breakdown 0.1835
  [PASS] session_breakdown_category_cdbgg_peak    filter peak 6656.0000 vs breakdown 6656.0000
  [PASS] session_breakdown_category_cdbgg_avg     filter avg 0.1590 vs breakdown 0.1590
  [PASS] session_breakdown_category_ddddd_peak    filter peak 582.0000 vs breakdown 582.0000
  [PASS] session_breakdown_category_ddddd_avg     filter avg 0.0167 vs breakdown 0.0167
  [PASS] session_breakdown_category_dhfhp_peak    filter peak 407.0000 vs breakdown 407.0000
  [PASS] session_breakdown_category_dhfhp_avg     filter avg 0.0132 vs breakdown 0.0132
  [PASS] session_breakdown_category_bhcfm_peak    filter peak 549.0000 vs breakdown 549.0000
  [PASS] session_breakdown_category_bhcfm_avg     filter avg 0.0138 vs breakdown 0.0138
  [PASS] session_breakdown_category_cffck_peak    filter peak 341.0000 vs breakdown 341.0000
  [PASS] session_breakdown_category_cffck_avg     filter avg 0.0106 vs breakdown 0.0106
  [PASS] session_breakdown_category_cgdgn_peak    filter peak 742.0000 vs breakdown 742.0000
  [PASS] session_breakdown_category_cgdgn_avg     filter avg 0.0136 vs breakdown 0.0136
  [PASS] session_breakdown_category_cfdgn_peak    filter peak 503.0000 vs breakdown 503.0000
  [PASS] session_breakdown_category_cfdgn_avg     filter avg 0.0107 vs breakdown 0.0107
  [PASS] session_breakdown_category_bhdbj_peak    filter peak 460.0000 vs breakdown 460.0000
  [PASS] session_breakdown_category_bhdbj_avg     filter avg 0.0126 vs breakdown 0.0126
  [PASS] session_breakdown_category_dgbdl_peak    filter peak 377.0000 vs breakdown 377.0000
  [PASS] session_breakdown_category_dgbdl_avg     filter avg 0.0103 vs breakdown 0.0103
  [PASS] session_breakdown_category_cjfck_peak    filter peak 305.0000 vs breakdown 305.0000
  [PASS] session_breakdown_category_cjfck_avg     filter avg 0.0099 vs breakdown 0.0099
  [PASS] session_breakdown_category_bcbbb_peak    filter peak 234.0000 vs breakdown 234.0000
  [PASS] session_breakdown_category_bcbbb_avg     filter avg 0.0075 vs breakdown 0.0075
  [PASS] session_breakdown_category_dgchh_peak    filter peak 309.0000 vs breakdown 309.0000
  [PASS] session_breakdown_category_dgchh_avg     filter avg 0.0094 vs breakdown 0.0094
  [PASS] session_breakdown_category_dfddd_peak    filter peak 230.0000 vs breakdown 230.0000
  [PASS] session_breakdown_category_dfddd_avg     filter avg 0.0061 vs breakdown 0.0061
  [PASS] session_breakdown_category_cjbgg_peak    filter peak 216.0000 vs breakdown 216.0000
  [PASS] session_breakdown_category_cjbgg_avg     filter avg 0.0066 vs breakdown 0.0066
  [PASS] session_breakdown_category_ddfhp_peak    filter peak 260.0000 vs breakdown 260.0000
  [PASS] session_breakdown_category_ddfhp_avg     filter avg 0.0080 vs breakdown 0.0080
  [PASS] session_breakdown_category_cfbgg_peak    filter peak 253.0000 vs breakdown 253.0000
  [PASS] session_breakdown_category_cfbgg_avg     filter avg 0.0056 vs breakdown 0.0056
  [PASS] session_breakdown_category_ccccc_peak    filter peak 308.0000 vs breakdown 308.0000
  [PASS] session_breakdown_category_ccccc_avg     filter avg 0.0062 vs breakdown 0.0062
  [PASS] session_breakdown_category_djfhp_peak    filter peak 160.0000 vs breakdown 160.0000
  [PASS] session_breakdown_category_djfhp_avg     filter avg 0.0041 vs breakdown 0.0041
  [PASS] session_breakdown_category_bjcfm_peak    filter peak 197.0000 vs breakdown 197.0000
  [PASS] session_breakdown_category_bjcfm_avg     filter avg 0.0057 vs breakdown 0.0057
  [PASS] session_breakdown_category_bbdbj_peak    filter peak 163.0000 vs breakdown 163.0000
  [PASS] session_breakdown_category_bbdbj_avg     filter avg 0.0043 vs breakdown 0.0043
  [PASS] session_breakdown_category_bcfff_peak    filter peak 188.0000 vs breakdown 188.0000
  [PASS] session_breakdown_category_bcfff_avg     filter avg 0.0059 vs breakdown 0.0059
  [PASS] session_breakdown_category_djbdl_peak    filter peak 233.0000 vs breakdown 233.0000
  [PASS] session_breakdown_category_djbdl_avg     filter avg 0.0053 vs breakdown 0.0053
  [PASS] session_breakdown_category_djchh_peak    filter peak 195.0000 vs breakdown 195.0000
  [PASS] session_breakdown_category_djchh_avg     filter avg 0.0056 vs breakdown 0.0056
  [PASS] session_breakdown_category_bgcfm_peak    filter peak 201.0000 vs breakdown 201.0000
  [PASS] session_breakdown_category_bgcfm_avg     filter avg 0.0058 vs breakdown 0.0058
  [PASS] session_breakdown_category_bgbbb_peak    filter peak 129.0000 vs breakdown 129.0000
  [PASS] session_breakdown_category_bgbbb_avg     filter avg 0.0035 vs breakdown 0.0035
  [PASS] session_breakdown_category_dcfhp_peak    filter peak 131.0000 vs breakdown 131.0000
  [PASS] session_breakdown_category_dcfhp_avg     filter avg 0.0036 vs breakdown 0.0036
  [PASS] session_breakdown_category_cbccc_peak    filter peak 175.0000 vs breakdown 175.0000
  [PASS] session_breakdown_category_cbccc_avg     filter avg 0.0054 vs breakdown 0.0054
  [PASS] session_breakdown_category_dhddd_peak    filter peak 172.0000 vs breakdown 172.0000
  [PASS] session_breakdown_category_dhddd_avg     filter avg 0.0052 vs breakdown 0.0052
  [PASS] session_breakdown_category_dcchh_peak    filter peak 171.0000 vs breakdown 171.0000
  [PASS] session_breakdown_category_dcchh_avg     filter avg 0.0048 vs breakdown 0.0048
  [PASS] session_breakdown_category_bjbbb_peak    filter peak 230.0000 vs breakdown 230.0000
  [PASS] session_breakdown_category_bjbbb_avg     filter avg 0.0043 vs breakdown 0.0043
  [PASS] session_partition_sum_platform           0/1688027 minutes mismatch (worst delta 0.0000) — sum of platform slices vs unfiltered
  [PASS] session_partition_sum_country            0/1688027 minutes mismatch (worst delta 0.0000) — sum of country slices vs unfiltered
  [PASS] session_filtered_peak_le_total_platform_ANDROID_PHONE filtered peak 6084.0000 <= unfiltered 18968.0000
  [PASS] session_filtered_peak_le_total_platform_JIO_ANDROID_TV filtered peak 4966.0000 <= unfiltered 18968.0000
  [PASS] session_filtered_peak_le_total_platform_SONY_ANDROID_TV filtered peak 2656.0000 <= unfiltered 18968.0000
  [PASS] session_filtered_peak_le_total_platform_SAMSUNG_HTML_TV filtered peak 1009.0000 <= unfiltered 18968.0000
  [PASS] session_filtered_peak_le_total_platform_IPHONE filtered peak 709.0000 <= unfiltered 18968.0000
  [PASS] session_filtered_peak_le_total_platform_Web filtered peak 1214.0000 <= unfiltered 18968.0000
  [PASS] session_filtered_peak_le_total_platform_LG_HTML_TV filtered peak 792.0000 <= unfiltered 18968.0000
  [PASS] session_filtered_peak_le_total_platform_FIRE_TV filtered peak 649.0000 <= unfiltered 18968.0000
  [PASS] session_filtered_peak_le_total_platform_XIAOMI_ANDROID_TV filtered peak 553.0000 <= unfiltered 18968.0000
  [PASS] session_filtered_peak_le_total_platform_SONY_HTML_TV filtered peak 259.0000 <= unfiltered 18968.0000
  [PASS] session_filtered_peak_le_total_country_india filtered peak 18968.0000 <= unfiltered 18968.0000
  [PASS] session_filtered_peak_le_total_show_name_ggdkb filtered peak 6515.0000 <= unfiltered 18968.0000
  [PASS] session_filtered_peak_le_total_show_name_hfgdb filtered peak 354.0000 <= unfiltered 18968.0000
  [PASS] session_filtered_peak_le_total_show_name_djbdb filtered peak 389.0000 <= unfiltered 18968.0000
  [PASS] session_filtered_peak_le_total_show_name_bjdjb filtered peak 421.0000 <= unfiltered 18968.0000
  [PASS] session_filtered_peak_le_total_show_name_gdckb filtered peak 646.0000 <= unfiltered 18968.0000
  [PASS] session_filtered_peak_le_total_show_name_ckfcb filtered peak 227.0000 <= unfiltered 18968.0000
  [PASS] session_filtered_peak_le_total_show_name_fhdbb filtered peak 338.0000 <= unfiltered 18968.0000
  [PASS] session_filtered_peak_le_total_show_name_hhfhb filtered peak 286.0000 <= unfiltered 18968.0000
  [PASS] session_filtered_peak_le_total_show_name_dgfdb filtered peak 312.0000 <= unfiltered 18968.0000
  [PASS] session_filtered_peak_le_total_show_name_ddglb filtered peak 157.0000 <= unfiltered 18968.0000
  [PASS] session_filtered_peak_le_total_video_resolution_Auto-1280*720 filtered peak 2387.0000 <= unfiltered 18968.0000
  [PASS] session_filtered_peak_le_total_video_resolution_NA filtered peak 2348.0000 <= unfiltered 18968.0000
  [PASS] session_filtered_peak_le_total_video_resolution_1920_*_1080 filtered peak 2794.0000 <= unfiltered 18968.0000
  [PASS] session_filtered_peak_le_total_video_resolution_1080*1920 filtered peak 1785.0000 <= unfiltered 18968.0000
  [PASS] session_filtered_peak_le_total_video_resolution_Auto-Auto filtered peak 1594.0000 <= unfiltered 18968.0000
  [PASS] session_filtered_peak_le_total_video_resolution_Auto-1920*1080 filtered peak 1060.0000 <= unfiltered 18968.0000
  [PASS] session_filtered_peak_le_total_video_resolution_1280_*_720 filtered peak 1299.0000 <= unfiltered 18968.0000
  [PASS] session_filtered_peak_le_total_video_resolution_1920*1080 filtered peak 967.0000 <= unfiltered 18968.0000
  [PASS] session_filtered_peak_le_total_video_resolution_720*1280 filtered peak 449.0000 <= unfiltered 18968.0000
  [PASS] session_filtered_peak_le_total_video_resolution_1280*720 filtered peak 490.0000 <= unfiltered 18968.0000
  [PASS] session_filtered_peak_le_total_video_type_vod filtered peak 11159.0000 <= unfiltered 18968.0000
  [PASS] session_filtered_peak_le_total_video_type_live filtered peak 7759.0000 <= unfiltered 18968.0000
  [PASS] session_filtered_peak_le_total_category_cdbgg filtered peak 6656.0000 <= unfiltered 18968.0000
  [PASS] session_filtered_peak_le_total_category_ddddd filtered peak 582.0000 <= unfiltered 18968.0000
  [PASS] session_filtered_peak_le_total_category_dhfhp filtered peak 407.0000 <= unfiltered 18968.0000
  [PASS] session_filtered_peak_le_total_category_bhcfm filtered peak 549.0000 <= unfiltered 18968.0000
  [PASS] session_filtered_peak_le_total_category_cffck filtered peak 341.0000 <= unfiltered 18968.0000
  [PASS] session_filtered_peak_le_total_category_cgdgn filtered peak 742.0000 <= unfiltered 18968.0000
  [PASS] session_filtered_peak_le_total_category_cfdgn filtered peak 503.0000 <= unfiltered 18968.0000
  [PASS] session_filtered_peak_le_total_category_bhdbj filtered peak 460.0000 <= unfiltered 18968.0000
  [PASS] session_filtered_peak_le_total_category_dgbdl filtered peak 377.0000 <= unfiltered 18968.0000
  [PASS] session_filtered_peak_le_total_category_cjfck filtered peak 305.0000 <= unfiltered 18968.0000
  [PASS] user_summary_peak_matches_timeseries     summary peak 18418.0000 vs max(timeseries) 18418.0000
  [PASS] user_summary_avg_matches_timeseries      summary avg 0.5434 vs mean(timeseries) 0.5434
  [PASS] user_breakdown_platform_ANDROID_PHONE_peak filter peak 6077.0000 vs breakdown 6077.0000
  [PASS] user_breakdown_platform_ANDROID_PHONE_avg filter avg 0.1799 vs breakdown 0.1799
  [PASS] user_breakdown_platform_JIO_ANDROID_TV_peak filter peak 4938.0000 vs breakdown 4938.0000
  [PASS] user_breakdown_platform_JIO_ANDROID_TV_avg filter avg 0.1419 vs breakdown 0.1419
  [PASS] user_breakdown_platform_SONY_ANDROID_TV_peak filter peak 2266.0000 vs breakdown 2266.0000
  [PASS] user_breakdown_platform_SONY_ANDROID_TV_avg filter avg 0.0691 vs breakdown 0.0691
  [PASS] user_breakdown_platform_SAMSUNG_HTML_TV_peak filter peak 1004.0000 vs breakdown 1004.0000
  [PASS] user_breakdown_platform_SAMSUNG_HTML_TV_avg filter avg 0.0292 vs breakdown 0.0292
  [PASS] user_breakdown_platform_IPHONE_peak      filter peak 709.0000 vs breakdown 709.0000
  [PASS] user_breakdown_platform_IPHONE_avg       filter avg 0.0203 vs breakdown 0.0203
  [PASS] user_breakdown_platform_Web_peak         filter peak 1211.0000 vs breakdown 1211.0000
  [PASS] user_breakdown_platform_Web_avg          filter avg 0.0242 vs breakdown 0.0242
  [PASS] user_breakdown_platform_LG_HTML_TV_peak  filter peak 788.0000 vs breakdown 788.0000
  [PASS] user_breakdown_platform_LG_HTML_TV_avg   filter avg 0.0230 vs breakdown 0.0230
  [PASS] user_breakdown_platform_FIRE_TV_peak     filter peak 597.0000 vs breakdown 597.0000
  [PASS] user_breakdown_platform_FIRE_TV_avg      filter avg 0.0168 vs breakdown 0.0168
  [PASS] user_breakdown_platform_XIAOMI_ANDROID_TV_peak filter peak 484.0000 vs breakdown 484.0000
  [PASS] user_breakdown_platform_XIAOMI_ANDROID_TV_avg filter avg 0.0144 vs breakdown 0.0144
  [PASS] user_breakdown_platform_SONY_HTML_TV_peak filter peak 259.0000 vs breakdown 259.0000
  [PASS] user_breakdown_platform_SONY_HTML_TV_avg filter avg 0.0044 vs breakdown 0.0044
  [PASS] user_breakdown_platform_IPAD_peak        filter peak 173.0000 vs breakdown 173.0000
  [PASS] user_breakdown_platform_IPAD_avg         filter avg 0.0046 vs breakdown 0.0046
  [PASS] user_breakdown_platform_VIDAA_HTML_TV_peak filter peak 126.0000 vs breakdown 126.0000
  [PASS] user_breakdown_platform_VIDAA_HTML_TV_avg filter avg 0.0029 vs breakdown 0.0029
  [PASS] user_breakdown_platform_ANDROID_TAB_peak filter peak 208.0000 vs breakdown 208.0000
  [PASS] user_breakdown_platform_ANDROID_TAB_avg  filter avg 0.0056 vs breakdown 0.0056
  [PASS] user_breakdown_platform_Mweb_peak        filter peak 111.0000 vs breakdown 111.0000
  [PASS] user_breakdown_platform_Mweb_avg         filter avg 0.0029 vs breakdown 0.0029
  [PASS] user_breakdown_platform_SKYWORTH_HTML_TV_peak filter peak 111.0000 vs breakdown 111.0000
  [PASS] user_breakdown_platform_SKYWORTH_HTML_TV_avg filter avg 0.0031 vs breakdown 0.0031
  [PASS] user_breakdown_platform_APPLE_TV_peak    filter peak 32.0000 vs breakdown 32.0000
  [PASS] user_breakdown_platform_APPLE_TV_avg     filter avg 0.0009 vs breakdown 0.0009
  [PASS] user_breakdown_platform_KEPLER_HTML_TV_peak filter peak 20.0000 vs breakdown 20.0000
  [PASS] user_breakdown_platform_KEPLER_HTML_TV_avg filter avg 0.0001 vs breakdown 0.0001
  [PASS] user_breakdown_platform_NETRANGE_HTML_TV_peak filter peak 4.0000 vs breakdown 4.0000
  [PASS] user_breakdown_platform_NETRANGE_HTML_TV_avg filter avg 0.0000 vs breakdown 0.0000
  [PASS] user_breakdown_platform_WEB_peak         filter peak 2.0000 vs breakdown 2.0000
  [PASS] user_breakdown_platform_WEB_avg          filter avg 0.0000 vs breakdown 0.0000
  [PASS] user_breakdown_platform_MWEB_peak        filter peak 1.0000 vs breakdown 1.0000
  [PASS] user_breakdown_platform_MWEB_avg         filter avg 0.0000 vs breakdown 0.0000
  [PASS] user_breakdown_platform_ROKU_TV_peak     filter peak 2.0000 vs breakdown 2.0000
  [PASS] user_breakdown_platform_ROKU_TV_avg      filter avg 0.0000 vs breakdown 0.0000
  [PASS] user_breakdown_country_india_peak        filter peak 18418.0000 vs breakdown 18418.0000
  [PASS] user_breakdown_country_india_avg         filter avg 0.5434 vs breakdown 0.5434
  [PASS] user_breakdown_show_name_ggdkb_peak      filter peak 6492.0000 vs breakdown 6492.0000
  [PASS] user_breakdown_show_name_ggdkb_avg       filter avg 0.1546 vs breakdown 0.1546
  [PASS] user_breakdown_show_name_hfgdb_peak      filter peak 345.0000 vs breakdown 345.0000
  [PASS] user_breakdown_show_name_hfgdb_avg       filter avg 0.0110 vs breakdown 0.0110
  [PASS] user_breakdown_show_name_djbdb_peak      filter peak 374.0000 vs breakdown 374.0000
  [PASS] user_breakdown_show_name_djbdb_avg       filter avg 0.0118 vs breakdown 0.0118
  [PASS] user_breakdown_show_name_bjdjb_peak      filter peak 418.0000 vs breakdown 418.0000
  [PASS] user_breakdown_show_name_bjdjb_avg       filter avg 0.0110 vs breakdown 0.0110
  [PASS] user_breakdown_show_name_gdckb_peak      filter peak 646.0000 vs breakdown 646.0000
  [PASS] user_breakdown_show_name_gdckb_avg       filter avg 0.0107 vs breakdown 0.0107
  [PASS] user_breakdown_show_name_fhdbb_peak      filter peak 338.0000 vs breakdown 338.0000
  [PASS] user_breakdown_show_name_fhdbb_avg       filter avg 0.0064 vs breakdown 0.0064
  [PASS] user_breakdown_show_name_ckfcb_peak      filter peak 216.0000 vs breakdown 216.0000
  [PASS] user_breakdown_show_name_ckfcb_avg       filter avg 0.0068 vs breakdown 0.0068
  [PASS] user_breakdown_show_name_dgfdb_peak      filter peak 306.0000 vs breakdown 306.0000
  [PASS] user_breakdown_show_name_dgfdb_avg       filter avg 0.0083 vs breakdown 0.0083
  [PASS] user_breakdown_show_name_hhfhb_peak      filter peak 265.0000 vs breakdown 265.0000
  [PASS] user_breakdown_show_name_hhfhb_avg       filter avg 0.0082 vs breakdown 0.0082
  [PASS] user_breakdown_show_name_ddglb_peak      filter peak 155.0000 vs breakdown 155.0000
  [PASS] user_breakdown_show_name_ddglb_avg       filter avg 0.0026 vs breakdown 0.0026
  [PASS] user_breakdown_show_name_djgdb_peak      filter peak 293.0000 vs breakdown 293.0000
  [PASS] user_breakdown_show_name_djgdb_avg       filter avg 0.0053 vs breakdown 0.0053
  [PASS] user_breakdown_show_name_gjfcb_peak      filter peak 157.0000 vs breakdown 157.0000
  [PASS] user_breakdown_show_name_gjfcb_avg       filter avg 0.0045 vs breakdown 0.0045
  [PASS] user_breakdown_show_name_hfbhb_peak      filter peak 195.0000 vs breakdown 195.0000
  [PASS] user_breakdown_show_name_hfbhb_avg       filter avg 0.0057 vs breakdown 0.0057
  [PASS] user_breakdown_show_name_gjdcb_peak      filter peak 357.0000 vs breakdown 357.0000
  [PASS] user_breakdown_show_name_gjdcb_avg       filter avg 0.0053 vs breakdown 0.0053
  [PASS] user_breakdown_show_name_bbbbb_peak      filter peak 174.0000 vs breakdown 174.0000
  [PASS] user_breakdown_show_name_bbbbb_avg       filter avg 0.0050 vs breakdown 0.0050
  [PASS] user_breakdown_show_name_ckgcb_peak      filter peak 176.0000 vs breakdown 176.0000
  [PASS] user_breakdown_show_name_ckgcb_avg       filter avg 0.0058 vs breakdown 0.0058
  [PASS] user_breakdown_show_name_ckfgb_peak      filter peak 103.0000 vs breakdown 103.0000
  [PASS] user_breakdown_show_name_ckfgb_avg       filter avg 0.0020 vs breakdown 0.0020
  [PASS] user_breakdown_show_name_fcfbb_peak      filter peak 193.0000 vs breakdown 193.0000
  [PASS] user_breakdown_show_name_fcfbb_avg       filter avg 0.0052 vs breakdown 0.0052
  [PASS] user_breakdown_show_name_hfcdb_peak      filter peak 76.0000 vs breakdown 76.0000
  [PASS] user_breakdown_show_name_hfcdb_avg       filter avg 0.0014 vs breakdown 0.0014
  [PASS] user_breakdown_show_name_ccfgb_peak      filter peak 156.0000 vs breakdown 156.0000
  [PASS] user_breakdown_show_name_ccfgb_avg       filter avg 0.0045 vs breakdown 0.0045
  [PASS] user_breakdown_show_name_ccckb_peak      filter peak 121.0000 vs breakdown 121.0000
  [PASS] user_breakdown_show_name_ccckb_avg       filter avg 0.0039 vs breakdown 0.0039
  [PASS] user_breakdown_show_name_ggckb_peak      filter peak 103.0000 vs breakdown 103.0000
  [PASS] user_breakdown_show_name_ggckb_avg       filter avg 0.0028 vs breakdown 0.0028
  [PASS] user_breakdown_show_name_fhgjb_peak      filter peak 100.0000 vs breakdown 100.0000
  [PASS] user_breakdown_show_name_fhgjb_avg       filter avg 0.0026 vs breakdown 0.0026
  [PASS] user_breakdown_show_name_bggfb_peak      filter peak 50.0000 vs breakdown 50.0000
  [PASS] user_breakdown_show_name_bggfb_avg       filter avg 0.0015 vs breakdown 0.0015
  [PASS] user_breakdown_show_name_bgfjb_peak      filter peak 168.0000 vs breakdown 168.0000
  [PASS] user_breakdown_show_name_bgfjb_avg       filter avg 0.0025 vs breakdown 0.0025
  [PASS] user_breakdown_show_name_gbccb_peak      filter peak 84.0000 vs breakdown 84.0000
  [PASS] user_breakdown_show_name_gbccb_avg       filter avg 0.0024 vs breakdown 0.0024
  [PASS] user_breakdown_show_name_ggfkb_peak      filter peak 134.0000 vs breakdown 134.0000
  [PASS] user_breakdown_show_name_ggfkb_avg       filter avg 0.0013 vs breakdown 0.0013
  [PASS] user_breakdown_show_name_bjbfb_peak      filter peak 62.0000 vs breakdown 62.0000
  [PASS] user_breakdown_show_name_bjbfb_avg       filter avg 0.0014 vs breakdown 0.0014
  [PASS] user_breakdown_show_name_hfdlb_peak      filter peak 46.0000 vs breakdown 46.0000
  [PASS] user_breakdown_show_name_hfdlb_avg       filter avg 0.0011 vs breakdown 0.0011
  [PASS] user_breakdown_show_name_bdgfb_peak      filter peak 77.0000 vs breakdown 77.0000
  [PASS] user_breakdown_show_name_bdgfb_avg       filter avg 0.0023 vs breakdown 0.0023
  [PASS] user_breakdown_video_resolution_Auto-1280*720_peak filter peak 2386.0000 vs breakdown 2386.0000
  [PASS] user_breakdown_video_resolution_Auto-1280*720_avg filter avg 0.0685 vs breakdown 0.0685
  [PASS] user_breakdown_video_resolution_NA_peak  filter peak 2298.0000 vs breakdown 2298.0000
  [PASS] user_breakdown_video_resolution_NA_avg   filter avg 0.0659 vs breakdown 0.0659
  [PASS] user_breakdown_video_resolution_1920_*_1080_peak filter peak 2761.0000 vs breakdown 2761.0000
  [PASS] user_breakdown_video_resolution_1920_*_1080_avg filter avg 0.0801 vs breakdown 0.0801
  [PASS] user_breakdown_video_resolution_1080*1920_peak filter peak 1780.0000 vs breakdown 1780.0000
  [PASS] user_breakdown_video_resolution_1080*1920_avg filter avg 0.0521 vs breakdown 0.0521
  [PASS] user_breakdown_video_resolution_Auto-Auto_peak filter peak 1593.0000 vs breakdown 1593.0000
  [PASS] user_breakdown_video_resolution_Auto-Auto_avg filter avg 0.0397 vs breakdown 0.0397
  [PASS] user_breakdown_video_resolution_Auto-1920*1080_peak filter peak 1056.0000 vs breakdown 1056.0000
  [PASS] user_breakdown_video_resolution_Auto-1920*1080_avg filter avg 0.0322 vs breakdown 0.0322
  [PASS] user_breakdown_video_resolution_1920*1080_peak filter peak 965.0000 vs breakdown 965.0000
  [PASS] user_breakdown_video_resolution_1920*1080_avg filter avg 0.0291 vs breakdown 0.0291
  [PASS] user_breakdown_video_resolution_1280_*_720_peak filter peak 976.0000 vs breakdown 976.0000
  [PASS] user_breakdown_video_resolution_1280_*_720_avg filter avg 0.0289 vs breakdown 0.0289
  [PASS] user_breakdown_video_resolution_720*1280_peak filter peak 446.0000 vs breakdown 446.0000
  [PASS] user_breakdown_video_resolution_720*1280_avg filter avg 0.0128 vs breakdown 0.0128
  [PASS] user_breakdown_video_resolution_1280*720_peak filter peak 431.0000 vs breakdown 431.0000
  [PASS] user_breakdown_video_resolution_1280*720_avg filter avg 0.0124 vs breakdown 0.0124
  [PASS] user_breakdown_video_resolution_960_*_540_peak filter peak 844.0000 vs breakdown 844.0000
  [PASS] user_breakdown_video_resolution_960_*_540_avg filter avg 0.0212 vs breakdown 0.0212
  [PASS] user_breakdown_video_resolution_960*540_peak filter peak 457.0000 vs breakdown 457.0000
  [PASS] user_breakdown_video_resolution_960*540_avg filter avg 0.0120 vs breakdown 0.0120
  [PASS] user_breakdown_video_resolution_Auto-960*540_peak filter peak 306.0000 vs breakdown 306.0000
  [PASS] user_breakdown_video_resolution_Auto-960*540_avg filter avg 0.0060 vs breakdown 0.0060
  [PASS] user_breakdown_video_resolution_Auto-640*360_peak filter peak 172.0000 vs breakdown 172.0000
  [PASS] user_breakdown_video_resolution_Auto-640*360_avg filter avg 0.0054 vs breakdown 0.0054
  [PASS] user_breakdown_video_resolution_0-1280*720_peak filter peak 91.0000 vs breakdown 91.0000
  [PASS] user_breakdown_video_resolution_0-1280*720_avg filter avg 0.0028 vs breakdown 0.0028
  [PASS] user_breakdown_video_resolution_Auto-854*480_peak filter peak 119.0000 vs breakdown 119.0000
  [PASS] user_breakdown_video_resolution_Auto-854*480_avg filter avg 0.0033 vs breakdown 0.0033
  [PASS] user_breakdown_video_resolution_DataSaver-640*360_peak filter peak 101.0000 vs breakdown 101.0000
  [PASS] user_breakdown_video_resolution_DataSaver-640*360_avg filter avg 0.0031 vs breakdown 0.0031
  [PASS] user_breakdown_video_resolution_Auto-1_peak filter peak 96.0000 vs breakdown 96.0000
  [PASS] user_breakdown_video_resolution_Auto-1_avg filter avg 0.0024 vs breakdown 0.0024
  [PASS] user_breakdown_video_resolution_0-1920*1080_peak filter peak 91.0000 vs breakdown 91.0000
  [PASS] user_breakdown_video_resolution_0-1920*1080_avg filter avg 0.0027 vs breakdown 0.0027
  [PASS] user_breakdown_video_resolution_640_*_360_peak filter peak 190.0000 vs breakdown 190.0000
  [PASS] user_breakdown_video_resolution_640_*_360_avg filter avg 0.0049 vs breakdown 0.0049
  [PASS] user_breakdown_video_resolution_NA-1280*720_peak filter peak 26.0000 vs breakdown 26.0000
  [PASS] user_breakdown_video_resolution_NA-1280*720_avg filter avg 0.0033 vs breakdown 0.0033
  [PASS] user_breakdown_video_resolution_864*1536_peak filter peak 89.0000 vs breakdown 89.0000
  [PASS] user_breakdown_video_resolution_864*1536_avg filter avg 0.0021 vs breakdown 0.0021
  [PASS] user_breakdown_video_resolution_3840*2160_peak filter peak 112.0000 vs breakdown 112.0000
  [PASS] user_breakdown_video_resolution_3840*2160_avg filter avg 0.0030 vs breakdown 0.0030
  [PASS] user_breakdown_video_resolution_3840_*_2160_peak filter peak 96.0000 vs breakdown 96.0000
  [PASS] user_breakdown_video_resolution_3840_*_2160_avg filter avg 0.0026 vs breakdown 0.0026
  [PASS] user_breakdown_video_resolution_Auto-256*144_peak filter peak 55.0000 vs breakdown 55.0000
  [PASS] user_breakdown_video_resolution_Auto-256*144_avg filter avg 0.0011 vs breakdown 0.0011
  [PASS] user_breakdown_video_resolution_854_*_480_peak filter peak 85.0000 vs breakdown 85.0000
  [PASS] user_breakdown_video_resolution_854_*_480_avg filter avg 0.0023 vs breakdown 0.0023
  [PASS] user_breakdown_video_resolution_NA-640*360_peak filter peak 21.0000 vs breakdown 21.0000
  [PASS] user_breakdown_video_resolution_NA-640*360_avg filter avg 0.0022 vs breakdown 0.0022
  [PASS] user_breakdown_video_resolution_640*360_peak filter peak 70.0000 vs breakdown 70.0000
  [PASS] user_breakdown_video_resolution_640*360_avg filter avg 0.0019 vs breakdown 0.0019
  [PASS] user_breakdown_video_resolution_Auto-426*240_peak filter peak 51.0000 vs breakdown 51.0000
  [PASS] user_breakdown_video_resolution_Auto-426*240_avg filter avg 0.0013 vs breakdown 0.0013
  [PASS] user_breakdown_video_resolution_768*1366_peak filter peak 46.0000 vs breakdown 46.0000
  [PASS] user_breakdown_video_resolution_768*1366_avg filter avg 0.0012 vs breakdown 0.0012
  [PASS] user_breakdown_video_type_vod_peak       filter peak 10649.0000 vs breakdown 10649.0000
  [PASS] user_breakdown_video_type_vod_avg        filter avg 0.3471 vs breakdown 0.3471
  [PASS] user_breakdown_video_type_live_peak      filter peak 7737.0000 vs breakdown 7737.0000
  [PASS] user_breakdown_video_type_live_avg       filter avg 0.1827 vs breakdown 0.1827
  [PASS] user_breakdown_category_cdbgg_peak       filter peak 6627.0000 vs breakdown 6627.0000
  [PASS] user_breakdown_category_cdbgg_avg        filter avg 0.1582 vs breakdown 0.1582
  [PASS] user_breakdown_category_ddddd_peak       filter peak 577.0000 vs breakdown 577.0000
  [PASS] user_breakdown_category_ddddd_avg        filter avg 0.0164 vs breakdown 0.0164
  [PASS] user_breakdown_category_dhfhp_peak       filter peak 398.0000 vs breakdown 398.0000
  [PASS] user_breakdown_category_dhfhp_avg        filter avg 0.0128 vs breakdown 0.0128
  [PASS] user_breakdown_category_bhcfm_peak       filter peak 544.0000 vs breakdown 544.0000
  [PASS] user_breakdown_category_bhcfm_avg        filter avg 0.0136 vs breakdown 0.0136
  [PASS] user_breakdown_category_cffck_peak       filter peak 325.0000 vs breakdown 325.0000
  [PASS] user_breakdown_category_cffck_avg        filter avg 0.0101 vs breakdown 0.0101
  [PASS] user_breakdown_category_cgdgn_peak       filter peak 740.0000 vs breakdown 740.0000
  [PASS] user_breakdown_category_cgdgn_avg        filter avg 0.0135 vs breakdown 0.0135
  [PASS] user_breakdown_category_cfdgn_peak       filter peak 490.0000 vs breakdown 490.0000
  [PASS] user_breakdown_category_cfdgn_avg        filter avg 0.0102 vs breakdown 0.0102
  [PASS] user_breakdown_category_bhdbj_peak       filter peak 453.0000 vs breakdown 453.0000
  [PASS] user_breakdown_category_bhdbj_avg        filter avg 0.0124 vs breakdown 0.0124
  [PASS] user_breakdown_category_dgbdl_peak       filter peak 371.0000 vs breakdown 371.0000
  [PASS] user_breakdown_category_dgbdl_avg        filter avg 0.0101 vs breakdown 0.0101
  [PASS] user_breakdown_category_cjfck_peak       filter peak 285.0000 vs breakdown 285.0000
  [PASS] user_breakdown_category_cjfck_avg        filter avg 0.0093 vs breakdown 0.0093
  [PASS] user_breakdown_category_dfddd_peak       filter peak 214.0000 vs breakdown 214.0000
  [PASS] user_breakdown_category_dfddd_avg        filter avg 0.0058 vs breakdown 0.0058
  [PASS] user_breakdown_category_bcbbb_peak       filter peak 216.0000 vs breakdown 216.0000
  [PASS] user_breakdown_category_bcbbb_avg        filter avg 0.0068 vs breakdown 0.0068
  [PASS] user_breakdown_category_dgchh_peak       filter peak 286.0000 vs breakdown 286.0000
  [PASS] user_breakdown_category_dgchh_avg        filter avg 0.0086 vs breakdown 0.0086
  [PASS] user_breakdown_category_cjbgg_peak       filter peak 207.0000 vs breakdown 207.0000
  [PASS] user_breakdown_category_cjbgg_avg        filter avg 0.0063 vs breakdown 0.0063
  [PASS] user_breakdown_category_ddfhp_peak       filter peak 256.0000 vs breakdown 256.0000
  [PASS] user_breakdown_category_ddfhp_avg        filter avg 0.0077 vs breakdown 0.0077
  [PASS] user_breakdown_category_ccccc_peak       filter peak 306.0000 vs breakdown 306.0000
  [PASS] user_breakdown_category_ccccc_avg        filter avg 0.0061 vs breakdown 0.0061
  [PASS] user_breakdown_category_cfbgg_peak       filter peak 247.0000 vs breakdown 247.0000
  [PASS] user_breakdown_category_cfbgg_avg        filter avg 0.0053 vs breakdown 0.0053
  [PASS] user_breakdown_category_djfhp_peak       filter peak 153.0000 vs breakdown 153.0000
  [PASS] user_breakdown_category_djfhp_avg        filter avg 0.0039 vs breakdown 0.0039
  [PASS] user_breakdown_category_bjcfm_peak       filter peak 183.0000 vs breakdown 183.0000
  [PASS] user_breakdown_category_bjcfm_avg        filter avg 0.0053 vs breakdown 0.0053
  [PASS] user_breakdown_category_bbdbj_peak       filter peak 161.0000 vs breakdown 161.0000
  [PASS] user_breakdown_category_bbdbj_avg        filter avg 0.0041 vs breakdown 0.0041
  [PASS] user_breakdown_category_bcfff_peak       filter peak 177.0000 vs breakdown 177.0000
  [PASS] user_breakdown_category_bcfff_avg        filter avg 0.0056 vs breakdown 0.0056
  [PASS] user_breakdown_category_djbdl_peak       filter peak 228.0000 vs breakdown 228.0000
  [PASS] user_breakdown_category_djbdl_avg        filter avg 0.0051 vs breakdown 0.0051
  [PASS] user_breakdown_category_bgcfm_peak       filter peak 196.0000 vs breakdown 196.0000
  [PASS] user_breakdown_category_bgcfm_avg        filter avg 0.0056 vs breakdown 0.0056
  [PASS] user_breakdown_category_dcfhp_peak       filter peak 125.0000 vs breakdown 125.0000
  [PASS] user_breakdown_category_dcfhp_avg        filter avg 0.0034 vs breakdown 0.0034
  [PASS] user_breakdown_category_bgbbb_peak       filter peak 125.0000 vs breakdown 125.0000
  [PASS] user_breakdown_category_bgbbb_avg        filter avg 0.0034 vs breakdown 0.0034
  [PASS] user_breakdown_category_djchh_peak       filter peak 186.0000 vs breakdown 186.0000
  [PASS] user_breakdown_category_djchh_avg        filter avg 0.0052 vs breakdown 0.0052
  [PASS] user_breakdown_category_dhddd_peak       filter peak 160.0000 vs breakdown 160.0000
  [PASS] user_breakdown_category_dhddd_avg        filter avg 0.0048 vs breakdown 0.0048
  [PASS] user_breakdown_category_cbccc_peak       filter peak 162.0000 vs breakdown 162.0000
  [PASS] user_breakdown_category_cbccc_avg        filter avg 0.0051 vs breakdown 0.0051
  [PASS] user_breakdown_category_dcchh_peak       filter peak 163.0000 vs breakdown 163.0000
  [PASS] user_breakdown_category_dcchh_avg        filter avg 0.0047 vs breakdown 0.0047
  [PASS] user_breakdown_category_bjbbb_peak       filter peak 227.0000 vs breakdown 227.0000
  [PASS] user_breakdown_category_bjbbb_avg        filter avg 0.0042 vs breakdown 0.0042
  [PASS] user_partition_sum_platform              0/1688027 minutes mismatch (worst delta 0.0000) — sum of platform slices vs unfiltered
  [PASS] user_partition_sum_country               0/1688027 minutes mismatch (worst delta 0.0000) — sum of country slices vs unfiltered
  [PASS] user_filtered_peak_le_total_platform_ANDROID_PHONE filtered peak 6077.0000 <= unfiltered 18418.0000
  [PASS] user_filtered_peak_le_total_platform_JIO_ANDROID_TV filtered peak 4938.0000 <= unfiltered 18418.0000
  [PASS] user_filtered_peak_le_total_platform_SONY_ANDROID_TV filtered peak 2266.0000 <= unfiltered 18418.0000
  [PASS] user_filtered_peak_le_total_platform_SAMSUNG_HTML_TV filtered peak 1004.0000 <= unfiltered 18418.0000
  [PASS] user_filtered_peak_le_total_platform_IPHONE filtered peak 709.0000 <= unfiltered 18418.0000
  [PASS] user_filtered_peak_le_total_platform_Web filtered peak 1211.0000 <= unfiltered 18418.0000
  [PASS] user_filtered_peak_le_total_platform_LG_HTML_TV filtered peak 788.0000 <= unfiltered 18418.0000
  [PASS] user_filtered_peak_le_total_platform_FIRE_TV filtered peak 597.0000 <= unfiltered 18418.0000
  [PASS] user_filtered_peak_le_total_platform_XIAOMI_ANDROID_TV filtered peak 484.0000 <= unfiltered 18418.0000
  [PASS] user_filtered_peak_le_total_platform_SONY_HTML_TV filtered peak 259.0000 <= unfiltered 18418.0000
  [PASS] user_filtered_peak_le_total_country_india filtered peak 18418.0000 <= unfiltered 18418.0000
  [PASS] user_filtered_peak_le_total_show_name_ggdkb filtered peak 6492.0000 <= unfiltered 18418.0000
  [PASS] user_filtered_peak_le_total_show_name_hfgdb filtered peak 345.0000 <= unfiltered 18418.0000
  [PASS] user_filtered_peak_le_total_show_name_djbdb filtered peak 374.0000 <= unfiltered 18418.0000
  [PASS] user_filtered_peak_le_total_show_name_bjdjb filtered peak 418.0000 <= unfiltered 18418.0000
  [PASS] user_filtered_peak_le_total_show_name_gdckb filtered peak 646.0000 <= unfiltered 18418.0000
  [PASS] user_filtered_peak_le_total_show_name_fhdbb filtered peak 338.0000 <= unfiltered 18418.0000
  [PASS] user_filtered_peak_le_total_show_name_ckfcb filtered peak 216.0000 <= unfiltered 18418.0000
  [PASS] user_filtered_peak_le_total_show_name_dgfdb filtered peak 306.0000 <= unfiltered 18418.0000
  [PASS] user_filtered_peak_le_total_show_name_hhfhb filtered peak 265.0000 <= unfiltered 18418.0000
  [PASS] user_filtered_peak_le_total_show_name_ddglb filtered peak 155.0000 <= unfiltered 18418.0000
  [PASS] user_filtered_peak_le_total_video_resolution_Auto-1280*720 filtered peak 2386.0000 <= unfiltered 18418.0000
  [PASS] user_filtered_peak_le_total_video_resolution_NA filtered peak 2298.0000 <= unfiltered 18418.0000
  [PASS] user_filtered_peak_le_total_video_resolution_1920_*_1080 filtered peak 2761.0000 <= unfiltered 18418.0000
  [PASS] user_filtered_peak_le_total_video_resolution_1080*1920 filtered peak 1780.0000 <= unfiltered 18418.0000
  [PASS] user_filtered_peak_le_total_video_resolution_Auto-Auto filtered peak 1593.0000 <= unfiltered 18418.0000
  [PASS] user_filtered_peak_le_total_video_resolution_Auto-1920*1080 filtered peak 1056.0000 <= unfiltered 18418.0000
  [PASS] user_filtered_peak_le_total_video_resolution_1920*1080 filtered peak 965.0000 <= unfiltered 18418.0000
  [PASS] user_filtered_peak_le_total_video_resolution_1280_*_720 filtered peak 976.0000 <= unfiltered 18418.0000
  [PASS] user_filtered_peak_le_total_video_resolution_720*1280 filtered peak 446.0000 <= unfiltered 18418.0000
  [PASS] user_filtered_peak_le_total_video_resolution_1280*720 filtered peak 431.0000 <= unfiltered 18418.0000
  [PASS] user_filtered_peak_le_total_video_type_vod filtered peak 10649.0000 <= unfiltered 18418.0000
  [PASS] user_filtered_peak_le_total_video_type_live filtered peak 7737.0000 <= unfiltered 18418.0000
  [PASS] user_filtered_peak_le_total_category_cdbgg filtered peak 6627.0000 <= unfiltered 18418.0000
  [PASS] user_filtered_peak_le_total_category_ddddd filtered peak 577.0000 <= unfiltered 18418.0000
  [PASS] user_filtered_peak_le_total_category_dhfhp filtered peak 398.0000 <= unfiltered 18418.0000
  [PASS] user_filtered_peak_le_total_category_bhcfm filtered peak 544.0000 <= unfiltered 18418.0000
  [PASS] user_filtered_peak_le_total_category_cffck filtered peak 325.0000 <= unfiltered 18418.0000
  [PASS] user_filtered_peak_le_total_category_cgdgn filtered peak 740.0000 <= unfiltered 18418.0000
  [PASS] user_filtered_peak_le_total_category_cfdgn filtered peak 490.0000 <= unfiltered 18418.0000
  [PASS] user_filtered_peak_le_total_category_bhdbj filtered peak 453.0000 <= unfiltered 18418.0000
  [PASS] user_filtered_peak_le_total_category_dgbdl filtered peak 371.0000 <= unfiltered 18418.0000
  [PASS] user_filtered_peak_le_total_category_cjfck filtered peak 285.0000 <= unfiltered 18418.0000
== Layer-4 cross-check (delta-cumsum vs minute-explosion) ==
  peak: delta=18968 explosion=18968  PASS
  avg : delta=0.5625 explosion=0.5625  PASS
== Layer-6 sensitivity → ../evidence/unseen_day/sensitivity.md ==
  baseline (pause excluded, buffering active)    peak=18968 (+0.0%) avg=0.56 (+0.0%)
  PAUSE_COUNTS_AS_ACTIVE = true (D2 flipped)     peak=19587 (+3.3%) avg=0.58 (+3.4%)
  BUFFERING_COUNTS_AS_ACTIVE = false (D3 flipped) peak=22180 (+16.9%) avg=0.67 (+18.9%)

all checks passed
